     1                                  
     2                                  ; Megha Operating System Panic Message Output
     3                                  ; Version: 0.1 (180819)
     4                                  ;
     5                                  ; Displays the message and halts the computer
     6                                  
     7                                  ; Every module in MOS starts at location 0x64.
     8                                  	ORG 0x64
     9                                  
    10                                  _init:
    11 00000000 60                      	pusha
    12 00000001 06                      	push es
    13                                  	    ; Register the panic routine in IVT
    14 00000002 31DB                    	    xor bx,bx
    15 00000004 8EC3                    	    mov es, bx
    16                                  
    17 00000006 26C7060801[2800]        	    mov [es:0x42*4],word panic
    18 0000000D 268C0E0A01              	    mov [es:0x42*4+2],cs
    19 00000012 07                      	pop es
    20 00000013 61                      	popa
    21                                  
    22                                  	; We need to do Far Return to get back to the loader
    23 00000014 CB                      	retf
    24                                  
    25                                  ; Displays zascii string on the screen.
    26                                  ; Input: DS:SI - Source ZASCII string to be printed.
    27                                  ; Output: None
    28                                  print_string:
    29 00000015 AC                      	lodsb
    30 00000016 3C00                    	cmp al, 0
    31 00000018 740D                    	je .end
    32                                  
    33 0000001A 268807                  	mov [es:bx], al
    34 0000001D 26C647010F              	mov [es:bx+1],byte 0xF	; Print in RED
    35                                  
    36 00000022 83C302                  	add bx, 2
    37 00000025 EBEE                    	jmp print_string
    38                                  .end:
    39 00000027 C3                      	ret
    40                                  
    41                                  ; Displays a message on the screen and halts the computer
    42                                  ; The Message is printed in the 4th line of the screen.
    43                                  ;
    44                                  ; Input: DS:SI - Source ZASCII string to be printed.
    45                                  ; Output: None
    46                                  panic:
    47 00000028 56                      	push si
    48 00000029 1E                      	push ds
    49 0000002A 8CCB                    	    mov bx, cs
    50 0000002C 8EDB                    	    mov ds, bx
    51                                  
    52 0000002E BB00B8                  	    mov bx, 0xb800
    53 00000031 8EC3                    	    mov es, bx
    54 00000033 BBE001                  	    mov bx, 0x1E0
    55                                  
    56 00000036 BE[4300]                	    mov si, panic_msg
    57 00000039 E8D9FF                  	    call print_string
    58 0000003C 1F                      	pop ds
    59 0000003D 5E                      	pop si
    60                                  	
    61 0000003E E8D4FF                  	call print_string
    62                                  
    63                                  	; This routine do not return
    64 00000041 EBFE                    	jmp $
    65                                  
    66                                  ; ============== DATA SEGMENT =================
    67 00000043 20202D2D2D203E206B-     panic_msg: db "  --- > kernel panic: ",0
    67 0000004C 65726E656C2070616E-
    67 00000055 69633A2000         
